// Jest Snapshot v1, https://jestjs.io/docs/snapshot-testing

exports[`getData Корректное значение 1`] = `
[
  "1",
  "2",
  "3",
  "4",
]
`;
